<?xml version="1.0"?>
<Data>
  <Object cast="object" type="Client.Game.Map.MapSettings, Client, Version=0.3.8.0, Culture=neutral, PublicKeyToken=d50bce06388dc026" reference="15256203-cdf6-4ce7-ac4e-5927426e5c4d">
    <Member name="MapSettings+ambientColor" cast="object" type="SlimDX.Vector3, SlimDX, Version=2.0.10.43, Culture=neutral, PublicKeyToken=b1b0c32fd1ffe4f9" reference="54faec02-ee35-4737-b1d1-130b984a8e76">
      <Member name="Vector3+X" cast="value" type="System.Single, mscorlib, Version=2.0.0.0, Culture=neutral, PublicKeyToken=b77a5c561934e089">0.46</Member>
      <Member name="Vector3+Y" cast="value" type="System.Single, mscorlib, Version=2.0.0.0, Culture=neutral, PublicKeyToken=b77a5c561934e089">0.42</Member>
      <Member name="Vector3+Z" cast="value" type="System.Single, mscorlib, Version=2.0.0.0, Culture=neutral, PublicKeyToken=b77a5c561934e089">0.2</Member>
    </Member>
    <Member name="MapSettings+diffuseColor" cast="object" type="SlimDX.Vector3, SlimDX, Version=2.0.10.43, Culture=neutral, PublicKeyToken=b1b0c32fd1ffe4f9" reference="f671268d-c98a-40ed-a859-7fba21622280">
      <Member name="Vector3+X" cast="value" type="System.Single, mscorlib, Version=2.0.0.0, Culture=neutral, PublicKeyToken=b77a5c561934e089">0.34</Member>
      <Member name="Vector3+Y" cast="value" type="System.Single, mscorlib, Version=2.0.0.0, Culture=neutral, PublicKeyToken=b77a5c561934e089">1.28</Member>
      <Member name="Vector3+Z" cast="value" type="System.Single, mscorlib, Version=2.0.0.0, Culture=neutral, PublicKeyToken=b77a5c561934e089">1.34</Member>
    </Member>
    <Member name="MapSettings+specularColor" cast="object" type="SlimDX.Vector3, SlimDX, Version=2.0.10.43, Culture=neutral, PublicKeyToken=b1b0c32fd1ffe4f9" reference="ca6956af-1a65-4130-ae63-f2ed7cfcfedc">
      <Member name="Vector3+X" cast="value" type="System.Single, mscorlib, Version=2.0.0.0, Culture=neutral, PublicKeyToken=b77a5c561934e089">0.5</Member>
      <Member name="Vector3+Y" cast="value" type="System.Single, mscorlib, Version=2.0.0.0, Culture=neutral, PublicKeyToken=b77a5c561934e089">1.4</Member>
      <Member name="Vector3+Z" cast="value" type="System.Single, mscorlib, Version=2.0.0.0, Culture=neutral, PublicKeyToken=b77a5c561934e089">1.7</Member>
    </Member>
    <Member name="MapSettings+fogColor" cast="object" type="SlimDX.Vector4, SlimDX, Version=2.0.10.43, Culture=neutral, PublicKeyToken=b1b0c32fd1ffe4f9" reference="9c513e70-faa8-4490-bdd9-fc89998f6bb4">
      <Member name="Vector4+X" cast="value" type="System.Single, mscorlib, Version=2.0.0.0, Culture=neutral, PublicKeyToken=b77a5c561934e089">0.36</Member>
      <Member name="Vector4+Y" cast="value" type="System.Single, mscorlib, Version=2.0.0.0, Culture=neutral, PublicKeyToken=b77a5c561934e089">0.58</Member>
      <Member name="Vector4+Z" cast="value" type="System.Single, mscorlib, Version=2.0.0.0, Culture=neutral, PublicKeyToken=b77a5c561934e089">0.52</Member>
      <Member name="Vector4+W" cast="value" type="System.Single, mscorlib, Version=2.0.0.0, Culture=neutral, PublicKeyToken=b77a5c561934e089">1</Member>
    </Member>
    <Member name="MapSettings+lightDirection" cast="object" type="SlimDX.Vector3, SlimDX, Version=2.0.10.43, Culture=neutral, PublicKeyToken=b1b0c32fd1ffe4f9" reference="35dce807-2ea1-4bbe-8d69-3c692666c843">
      <Member name="Vector3+X" cast="value" type="System.Single, mscorlib, Version=2.0.0.0, Culture=neutral, PublicKeyToken=b77a5c561934e089">0.1</Member>
      <Member name="Vector3+Y" cast="value" type="System.Single, mscorlib, Version=2.0.0.0, Culture=neutral, PublicKeyToken=b77a5c561934e089">0.9</Member>
      <Member name="Vector3+Z" cast="value" type="System.Single, mscorlib, Version=2.0.0.0, Culture=neutral, PublicKeyToken=b77a5c561934e089">0.65</Member>
    </Member>
    <Member name="MapSettings+&lt;Name&gt;k__BackingField" cast="value" type="System.String, mscorlib, Version=2.0.0.0, Culture=neutral, PublicKeyToken=b77a5c561934e089">$(MapName)</Member>
    <Member name="MapSettings+&lt;Position&gt;k__BackingField" cast="object" type="System.Drawing.PointF, System.Drawing, Version=2.0.0.0, Culture=neutral, PublicKeyToken=b03f5f7f11d50a3a" reference="19a9ca1d-a86c-4bdd-b95f-19c5abfca741">
      <Member name="PointF+x" cast="value" type="System.Single, mscorlib, Version=2.0.0.0, Culture=neutral, PublicKeyToken=b77a5c561934e089">0</Member>
      <Member name="PointF+y" cast="value" type="System.Single, mscorlib, Version=2.0.0.0, Culture=neutral, PublicKeyToken=b77a5c561934e089">0</Member>
    </Member>
    <Member name="MapSettings+&lt;Size&gt;k__BackingField" cast="object" type="System.Drawing.SizeF, System.Drawing, Version=2.0.0.0, Culture=neutral, PublicKeyToken=b03f5f7f11d50a3a" reference="3c15d409-e2eb-4d91-b9c4-658f1f1d8cd4">
      <Member name="SizeF+width" cast="value" type="System.Single, mscorlib, Version=2.0.0.0, Culture=neutral, PublicKeyToken=b77a5c561934e089">200</Member>
      <Member name="SizeF+height" cast="value" type="System.Single, mscorlib, Version=2.0.0.0, Culture=neutral, PublicKeyToken=b77a5c561934e089">200</Member>
    </Member>
    <Member name="MapSettings+&lt;WaterHeight&gt;k__BackingField" cast="value" type="System.Single, mscorlib, Version=2.0.0.0, Culture=neutral, PublicKeyToken=b77a5c561934e089">0.2</Member>
    <Member name="MapSettings+&lt;MapType&gt;k__BackingField" cast="value" type="Client.Game.Map.MapType, Client, Version=0.3.8.0, Culture=neutral, PublicKeyToken=d50bce06388dc026">0</Member>
    <Member name="MapSettings+&lt;FogExponent&gt;k__BackingField" cast="value" type="System.Single, mscorlib, Version=2.0.0.0, Culture=neutral, PublicKeyToken=b77a5c561934e089">6</Member>
    <Member name="MapSettings+&lt;FogDistance&gt;k__BackingField" cast="value" type="System.Single, mscorlib, Version=2.0.0.0, Culture=neutral, PublicKeyToken=b77a5c561934e089">32</Member>
    <Member name="MapSettings+&lt;CameraZFar&gt;k__BackingField" cast="value" type="System.Single, mscorlib, Version=2.0.0.0, Culture=neutral, PublicKeyToken=b77a5c561934e089">10</Member>
    <Member name="MapSettings+&lt;MapVersion&gt;k__BackingField" cast="value" type="System.Int32, mscorlib, Version=2.0.0.0, Culture=neutral, PublicKeyToken=b77a5c561934e089">37</Member>
    <Member name="MapSettings+&lt;AmbienceTrack1&gt;k__BackingField" cast="value" type="Client.Sound.Stream, Client, Version=0.3.8.0, Culture=neutral, PublicKeyToken=d50bce06388dc026">8</Member>
    <Member name="MapSettings+&lt;AmbienceTrack2&gt;k__BackingField" cast="value" type="Client.Sound.Stream, Client, Version=0.3.8.0, Culture=neutral, PublicKeyToken=d50bce06388dc026">8</Member>
    <Member name="MapSettings+&lt;MusicTrack1&gt;k__BackingField" cast="value" type="Client.Sound.Stream, Client, Version=0.3.8.0, Culture=neutral, PublicKeyToken=d50bce06388dc026">8</Member>
    <Member name="MapSettings+&lt;MusicTrack2&gt;k__BackingField" cast="value" type="Client.Sound.Stream, Client, Version=0.3.8.0, Culture=neutral, PublicKeyToken=d50bce06388dc026">8</Member>
    <Member name="MapSettings+&lt;Objectives&gt;k__BackingField" cast="value" type="System.String, mscorlib, Version=2.0.0.0, Culture=neutral, PublicKeyToken=b77a5c561934e089">$(MapObjectives)</Member>
    <Member name="MapSettings+&lt;StaticDataSourceMap&gt;k__BackingField" cast="null" />
    <Member name="MapSettings+&lt;Stages&gt;k__BackingField" cast="value" type="System.Int32, mscorlib, Version=2.0.0.0, Culture=neutral, PublicKeyToken=b77a5c561934e089">0</Member>
  </Object>
</Data>