<?xml version="1.0"?>
<Data>
  <Object cast="object" type="Client.Game.Map.MapSettings, Client, Version=0.4.1.0, Culture=neutral, PublicKeyToken=d50bce06388dc026" reference="b3074ab5-e100-40d4-9bbe-62fe92f8522a">
    <Member name="MapSettings+ambientColor" cast="object" type="SlimDX.Vector3, SlimDX, Version=2.0.10.43, Culture=neutral, PublicKeyToken=b1b0c32fd1ffe4f9" reference="ea368fb9-c50a-4498-8715-c805eb8f75c4">
      <Member name="Vector3+X" cast="value" type="System.Single, mscorlib, Version=2.0.0.0, Culture=neutral, PublicKeyToken=b77a5c561934e089">0.2</Member>
      <Member name="Vector3+Y" cast="value" type="System.Single, mscorlib, Version=2.0.0.0, Culture=neutral, PublicKeyToken=b77a5c561934e089">0.48</Member>
      <Member name="Vector3+Z" cast="value" type="System.Single, mscorlib, Version=2.0.0.0, Culture=neutral, PublicKeyToken=b77a5c561934e089">0.36</Member>
    </Member>
    <Member name="MapSettings+diffuseColor" cast="object" type="SlimDX.Vector3, SlimDX, Version=2.0.10.43, Culture=neutral, PublicKeyToken=b1b0c32fd1ffe4f9" reference="38b0e77e-caba-4f66-81ab-704d2adaff58">
      <Member name="Vector3+X" cast="value" type="System.Single, mscorlib, Version=2.0.0.0, Culture=neutral, PublicKeyToken=b77a5c561934e089">1.24</Member>
      <Member name="Vector3+Y" cast="value" type="System.Single, mscorlib, Version=2.0.0.0, Culture=neutral, PublicKeyToken=b77a5c561934e089">1.64</Member>
      <Member name="Vector3+Z" cast="value" type="System.Single, mscorlib, Version=2.0.0.0, Culture=neutral, PublicKeyToken=b77a5c561934e089">0.62</Member>
    </Member>
    <Member name="MapSettings+specularColor" cast="object" type="SlimDX.Vector3, SlimDX, Version=2.0.10.43, Culture=neutral, PublicKeyToken=b1b0c32fd1ffe4f9" reference="b6f24d62-2e53-4109-b75c-23ffb9f3c930">
      <Member name="Vector3+X" cast="value" type="System.Single, mscorlib, Version=2.0.0.0, Culture=neutral, PublicKeyToken=b77a5c561934e089">1.44</Member>
      <Member name="Vector3+Y" cast="value" type="System.Single, mscorlib, Version=2.0.0.0, Culture=neutral, PublicKeyToken=b77a5c561934e089">1.84</Member>
      <Member name="Vector3+Z" cast="value" type="System.Single, mscorlib, Version=2.0.0.0, Culture=neutral, PublicKeyToken=b77a5c561934e089">0.72</Member>
    </Member>
    <Member name="MapSettings+fogColor" cast="object" type="SlimDX.Vector4, SlimDX, Version=2.0.10.43, Culture=neutral, PublicKeyToken=b1b0c32fd1ffe4f9" reference="5501a4d2-f89a-4fa6-9a66-70d78a8cfbbc">
      <Member name="Vector4+X" cast="value" type="System.Single, mscorlib, Version=2.0.0.0, Culture=neutral, PublicKeyToken=b77a5c561934e089">0.42</Member>
      <Member name="Vector4+Y" cast="value" type="System.Single, mscorlib, Version=2.0.0.0, Culture=neutral, PublicKeyToken=b77a5c561934e089">0.8</Member>
      <Member name="Vector4+Z" cast="value" type="System.Single, mscorlib, Version=2.0.0.0, Culture=neutral, PublicKeyToken=b77a5c561934e089">0.34</Member>
      <Member name="Vector4+W" cast="value" type="System.Single, mscorlib, Version=2.0.0.0, Culture=neutral, PublicKeyToken=b77a5c561934e089">1</Member>
    </Member>
    <Member name="MapSettings+lightDirection" cast="object" type="SlimDX.Vector3, SlimDX, Version=2.0.10.43, Culture=neutral, PublicKeyToken=b1b0c32fd1ffe4f9" reference="456c6a91-7fdc-45d4-804c-78e50ef11ad4">
      <Member name="Vector3+X" cast="value" type="System.Single, mscorlib, Version=2.0.0.0, Culture=neutral, PublicKeyToken=b77a5c561934e089">-0.1</Member>
      <Member name="Vector3+Y" cast="value" type="System.Single, mscorlib, Version=2.0.0.0, Culture=neutral, PublicKeyToken=b77a5c561934e089">0.6</Member>
      <Member name="Vector3+Z" cast="value" type="System.Single, mscorlib, Version=2.0.0.0, Culture=neutral, PublicKeyToken=b77a5c561934e089">0.7</Member>
    </Member>
    <Member name="MapSettings+&lt;Name&gt;k__BackingField" cast="value" type="System.String, mscorlib, Version=2.0.0.0, Culture=neutral, PublicKeyToken=b77a5c561934e089">$(MapName)</Member>
    <Member name="MapSettings+&lt;Position&gt;k__BackingField" cast="object" type="System.Drawing.PointF, System.Drawing, Version=2.0.0.0, Culture=neutral, PublicKeyToken=b03f5f7f11d50a3a" reference="9b04379d-3073-430a-850f-31a11b9cb12d">
      <Member name="PointF+x" cast="value" type="System.Single, mscorlib, Version=2.0.0.0, Culture=neutral, PublicKeyToken=b77a5c561934e089">0</Member>
      <Member name="PointF+y" cast="value" type="System.Single, mscorlib, Version=2.0.0.0, Culture=neutral, PublicKeyToken=b77a5c561934e089">0</Member>
    </Member>
    <Member name="MapSettings+&lt;Size&gt;k__BackingField" cast="object" type="System.Drawing.SizeF, System.Drawing, Version=2.0.0.0, Culture=neutral, PublicKeyToken=b03f5f7f11d50a3a" reference="80b2dc14-6d4b-4a6f-a4a8-902e8cd137cc">
      <Member name="SizeF+width" cast="value" type="System.Single, mscorlib, Version=2.0.0.0, Culture=neutral, PublicKeyToken=b77a5c561934e089">200</Member>
      <Member name="SizeF+height" cast="value" type="System.Single, mscorlib, Version=2.0.0.0, Culture=neutral, PublicKeyToken=b77a5c561934e089">200</Member>
    </Member>
    <Member name="MapSettings+&lt;WaterHeight&gt;k__BackingField" cast="value" type="System.Single, mscorlib, Version=2.0.0.0, Culture=neutral, PublicKeyToken=b77a5c561934e089">0.2</Member>
    <Member name="MapSettings+&lt;MapType&gt;k__BackingField" cast="value" type="Client.Game.Map.MapType, Client, Version=0.4.1.0, Culture=neutral, PublicKeyToken=d50bce06388dc026">0</Member>
    <Member name="MapSettings+&lt;FogExponent&gt;k__BackingField" cast="value" type="System.Single, mscorlib, Version=2.0.0.0, Culture=neutral, PublicKeyToken=b77a5c561934e089">8.4</Member>
    <Member name="MapSettings+&lt;FogDistance&gt;k__BackingField" cast="value" type="System.Single, mscorlib, Version=2.0.0.0, Culture=neutral, PublicKeyToken=b77a5c561934e089">34.5</Member>
    <Member name="MapSettings+&lt;CameraZFar&gt;k__BackingField" cast="value" type="System.Single, mscorlib, Version=2.0.0.0, Culture=neutral, PublicKeyToken=b77a5c561934e089">11.5</Member>
    <Member name="MapSettings+&lt;MapVersion&gt;k__BackingField" cast="value" type="System.Int32, mscorlib, Version=2.0.0.0, Culture=neutral, PublicKeyToken=b77a5c561934e089">53</Member>
    <Member name="MapSettings+&lt;AmbienceTrack1&gt;k__BackingField" cast="value" type="Client.Sound.Stream, Client, Version=0.4.1.0, Culture=neutral, PublicKeyToken=d50bce06388dc026">0</Member>
    <Member name="MapSettings+&lt;AmbienceTrack2&gt;k__BackingField" cast="value" type="Client.Sound.Stream, Client, Version=0.4.1.0, Culture=neutral, PublicKeyToken=d50bce06388dc026">8</Member>
    <Member name="MapSettings+&lt;MusicTrack1&gt;k__BackingField" cast="value" type="Client.Sound.Stream, Client, Version=0.4.1.0, Culture=neutral, PublicKeyToken=d50bce06388dc026">2</Member>
    <Member name="MapSettings+&lt;MusicTrack2&gt;k__BackingField" cast="value" type="Client.Sound.Stream, Client, Version=0.4.1.0, Culture=neutral, PublicKeyToken=d50bce06388dc026">12</Member>
    <Member name="MapSettings+&lt;Objectives&gt;k__BackingField" cast="value" type="System.String, mscorlib, Version=2.0.0.0, Culture=neutral, PublicKeyToken=b77a5c561934e089">$(MapObjectives)</Member>
    <Member name="MapSettings+&lt;StaticDataSourceMap&gt;k__BackingField" cast="null" />
    <Member name="MapSettings+&lt;Stages&gt;k__BackingField" cast="value" type="System.Int32, mscorlib, Version=2.0.0.0, Culture=neutral, PublicKeyToken=b77a5c561934e089">2</Member>
  </Object>
</Data>