<?xml version="1.0"?>
<Data>
  <Object cast="object" type="Client.Game.Map.MapSettings, Client, Version=0.4.2.0, Culture=neutral, PublicKeyToken=d50bce06388dc026" reference="4ecaf931-af7b-4331-91c7-9a4f20265b0a">
    <Member name="MapSettings+ambientColor" cast="object" type="SlimDX.Vector3, SlimDX, Version=2.0.10.43, Culture=neutral, PublicKeyToken=b1b0c32fd1ffe4f9" reference="9926e529-9af0-4ba7-b297-db0cabe431aa">
      <Member name="Vector3+X" cast="value" type="System.Single, mscorlib, Version=2.0.0.0, Culture=neutral, PublicKeyToken=b77a5c561934e089">0.4</Member>
      <Member name="Vector3+Y" cast="value" type="System.Single, mscorlib, Version=2.0.0.0, Culture=neutral, PublicKeyToken=b77a5c561934e089">0.7</Member>
      <Member name="Vector3+Z" cast="value" type="System.Single, mscorlib, Version=2.0.0.0, Culture=neutral, PublicKeyToken=b77a5c561934e089">0.72</Member>
    </Member>
    <Member name="MapSettings+diffuseColor" cast="object" type="SlimDX.Vector3, SlimDX, Version=2.0.10.43, Culture=neutral, PublicKeyToken=b1b0c32fd1ffe4f9" reference="ad0a8061-5ea2-4a41-9695-731b865be779">
      <Member name="Vector3+X" cast="value" type="System.Single, mscorlib, Version=2.0.0.0, Culture=neutral, PublicKeyToken=b77a5c561934e089">1.7</Member>
      <Member name="Vector3+Y" cast="value" type="System.Single, mscorlib, Version=2.0.0.0, Culture=neutral, PublicKeyToken=b77a5c561934e089">1.6</Member>
      <Member name="Vector3+Z" cast="value" type="System.Single, mscorlib, Version=2.0.0.0, Culture=neutral, PublicKeyToken=b77a5c561934e089">0.9</Member>
    </Member>
    <Member name="MapSettings+specularColor" cast="object" type="SlimDX.Vector3, SlimDX, Version=2.0.10.43, Culture=neutral, PublicKeyToken=b1b0c32fd1ffe4f9" reference="759e275b-3928-4018-9dad-7fe403610345">
      <Member name="Vector3+X" cast="value" type="System.Single, mscorlib, Version=2.0.0.0, Culture=neutral, PublicKeyToken=b77a5c561934e089">1.9</Member>
      <Member name="Vector3+Y" cast="value" type="System.Single, mscorlib, Version=2.0.0.0, Culture=neutral, PublicKeyToken=b77a5c561934e089">1.8</Member>
      <Member name="Vector3+Z" cast="value" type="System.Single, mscorlib, Version=2.0.0.0, Culture=neutral, PublicKeyToken=b77a5c561934e089">1</Member>
    </Member>
    <Member name="MapSettings+fogColor" cast="object" type="SlimDX.Vector4, SlimDX, Version=2.0.10.43, Culture=neutral, PublicKeyToken=b1b0c32fd1ffe4f9" reference="d379a0c5-5e57-4624-a0e0-95ebcacc837f">
      <Member name="Vector4+X" cast="value" type="System.Single, mscorlib, Version=2.0.0.0, Culture=neutral, PublicKeyToken=b77a5c561934e089">0.38</Member>
      <Member name="Vector4+Y" cast="value" type="System.Single, mscorlib, Version=2.0.0.0, Culture=neutral, PublicKeyToken=b77a5c561934e089">0.66</Member>
      <Member name="Vector4+Z" cast="value" type="System.Single, mscorlib, Version=2.0.0.0, Culture=neutral, PublicKeyToken=b77a5c561934e089">0.46</Member>
      <Member name="Vector4+W" cast="value" type="System.Single, mscorlib, Version=2.0.0.0, Culture=neutral, PublicKeyToken=b77a5c561934e089">1</Member>
    </Member>
    <Member name="MapSettings+lightDirection" cast="object" type="SlimDX.Vector3, SlimDX, Version=2.0.10.43, Culture=neutral, PublicKeyToken=b1b0c32fd1ffe4f9" reference="20575fbb-67b8-419b-8bea-125776e13f3c">
      <Member name="Vector3+X" cast="value" type="System.Single, mscorlib, Version=2.0.0.0, Culture=neutral, PublicKeyToken=b77a5c561934e089">-0.6</Member>
      <Member name="Vector3+Y" cast="value" type="System.Single, mscorlib, Version=2.0.0.0, Culture=neutral, PublicKeyToken=b77a5c561934e089">0.7</Member>
      <Member name="Vector3+Z" cast="value" type="System.Single, mscorlib, Version=2.0.0.0, Culture=neutral, PublicKeyToken=b77a5c561934e089">0.7</Member>
    </Member>
    <Member name="MapSettings+&lt;Name&gt;k__BackingField" cast="value" type="System.String, mscorlib, Version=2.0.0.0, Culture=neutral, PublicKeyToken=b77a5c561934e089">$(MapName)</Member>
    <Member name="MapSettings+&lt;Position&gt;k__BackingField" cast="object" type="System.Drawing.PointF, System.Drawing, Version=2.0.0.0, Culture=neutral, PublicKeyToken=b03f5f7f11d50a3a" reference="fc19fa2a-dae4-4f60-861f-95bdbe8e3f8c">
      <Member name="PointF+x" cast="value" type="System.Single, mscorlib, Version=2.0.0.0, Culture=neutral, PublicKeyToken=b77a5c561934e089">0</Member>
      <Member name="PointF+y" cast="value" type="System.Single, mscorlib, Version=2.0.0.0, Culture=neutral, PublicKeyToken=b77a5c561934e089">0</Member>
    </Member>
    <Member name="MapSettings+&lt;Size&gt;k__BackingField" cast="object" type="System.Drawing.SizeF, System.Drawing, Version=2.0.0.0, Culture=neutral, PublicKeyToken=b03f5f7f11d50a3a" reference="f745dc95-dabc-47ad-8182-750e9c5a8727">
      <Member name="SizeF+width" cast="value" type="System.Single, mscorlib, Version=2.0.0.0, Culture=neutral, PublicKeyToken=b77a5c561934e089">200</Member>
      <Member name="SizeF+height" cast="value" type="System.Single, mscorlib, Version=2.0.0.0, Culture=neutral, PublicKeyToken=b77a5c561934e089">200</Member>
    </Member>
    <Member name="MapSettings+&lt;WaterHeight&gt;k__BackingField" cast="value" type="System.Single, mscorlib, Version=2.0.0.0, Culture=neutral, PublicKeyToken=b77a5c561934e089">0.2</Member>
    <Member name="MapSettings+&lt;MapType&gt;k__BackingField" cast="value" type="Client.Game.Map.MapType, Client, Version=0.4.2.0, Culture=neutral, PublicKeyToken=d50bce06388dc026">2</Member>
    <Member name="MapSettings+&lt;FogExponent&gt;k__BackingField" cast="value" type="System.Single, mscorlib, Version=2.0.0.0, Culture=neutral, PublicKeyToken=b77a5c561934e089">9</Member>
    <Member name="MapSettings+&lt;FogDistance&gt;k__BackingField" cast="value" type="System.Single, mscorlib, Version=2.0.0.0, Culture=neutral, PublicKeyToken=b77a5c561934e089">35</Member>
    <Member name="MapSettings+&lt;CameraZFar&gt;k__BackingField" cast="value" type="System.Single, mscorlib, Version=2.0.0.0, Culture=neutral, PublicKeyToken=b77a5c561934e089">13</Member>
    <Member name="MapSettings+&lt;MapVersion&gt;k__BackingField" cast="value" type="System.Int32, mscorlib, Version=2.0.0.0, Culture=neutral, PublicKeyToken=b77a5c561934e089">72</Member>
    <Member name="MapSettings+&lt;AmbienceTrack1&gt;k__BackingField" cast="value" type="Client.Sound.Stream, Client, Version=0.4.2.0, Culture=neutral, PublicKeyToken=d50bce06388dc026">0</Member>
    <Member name="MapSettings+&lt;AmbienceTrack2&gt;k__BackingField" cast="value" type="Client.Sound.Stream, Client, Version=0.4.2.0, Culture=neutral, PublicKeyToken=d50bce06388dc026">0</Member>
    <Member name="MapSettings+&lt;MusicTrack1&gt;k__BackingField" cast="value" type="Client.Sound.Stream, Client, Version=0.4.2.0, Culture=neutral, PublicKeyToken=d50bce06388dc026">1</Member>
    <Member name="MapSettings+&lt;MusicTrack2&gt;k__BackingField" cast="value" type="Client.Sound.Stream, Client, Version=0.4.2.0, Culture=neutral, PublicKeyToken=d50bce06388dc026">8</Member>
    <Member name="MapSettings+&lt;Objectives&gt;k__BackingField" cast="value" type="System.String, mscorlib, Version=2.0.0.0, Culture=neutral, PublicKeyToken=b77a5c561934e089">$(MapObjectives)</Member>
    <Member name="MapSettings+&lt;StaticDataSourceMap&gt;k__BackingField" cast="null" />
    <Member name="MapSettings+&lt;Stages&gt;k__BackingField" cast="value" type="System.Int32, mscorlib, Version=2.0.0.0, Culture=neutral, PublicKeyToken=b77a5c561934e089">3</Member>
  </Object>
</Data>